 Starting 25 Hz rewrite loop
  Press Ctrl+C to stop manually

[Live DAQ] Wrote frame 1 in 0.006s
[Live DAQ] Wrote frame 2 in 0.002s
[Live DAQ] Wrote frame 3 in 0.003s
[Live DAQ] Wrote frame 4 in 0.005s
[Live DAQ] Wrote frame 5 in 0.006s
[Live DAQ] Wrote frame 6 in 0.013s
[Live DAQ] Wrote frame 7 in 0.005s
[Live DAQ] Wrote frame 8 in 0.013s
[Live DAQ] Wrote frame 9 in 0.008s
[Live DAQ] Wrote frame 10 in 0.010s
[Live DAQ] Wrote frame 11 in 0.011s
[Live DAQ] Wrote frame 12 in 0.008s
[Live DAQ] Wrote frame 13 in 0.006s
[Live DAQ] Wrote frame 14 in 0.011s
[Live DAQ] Wrote frame 15 in 0.011s
[Live DAQ] Wrote frame 16 in 0.011s
[Live DAQ] Wrote frame 17 in 0.010s
[Live DAQ] Wrote frame 18 in 0.010s
[Live DAQ] Wrote frame 19 in 0.010s
[Live DAQ] Wrote frame 20 in 0.009s
[Live DAQ] Wrote frame 21 in 0.009s
[Live DAQ] Wrote frame 22 in 0.005s
[Live DAQ] Wrote frame 23 in 0.009s
[Live DAQ] Wrote frame 24 in 0.034s
[Live DAQ] Wrote frame 25 in 0.020s
[Live DAQ] Wrote frame 26 in 0.013s
[Live DAQ] Wrote frame 27 in 0.008s
[Live DAQ] Wrote frame 28 in 0.006s
[Live DAQ] Wrote frame 29 in 0.008s
[Live DAQ] Wrote frame 30 in 0.006s
[Live DAQ] Wrote frame 31 in 0.005s
[Live DAQ] Wrote frame 32 in 0.011s
[Live DAQ] Wrote frame 33 in 0.006s
[Live DAQ] Wrote frame 34 in 0.010s
[Live DAQ] Wrote frame 35 in 0.007s
[Live DAQ] Wrote frame 36 in 0.005s
[Live DAQ] Wrote frame 37 in 0.006s
[Live DAQ] Wrote frame 38 in 0.013s
[Live DAQ] Wrote frame 39 in 0.008s
[Live DAQ] Wrote frame 40 in 0.008s
[Live DAQ] Wrote frame 41 in 0.005s
[Live DAQ] Wrote frame 42 in 0.010s
[Live DAQ] Wrote frame 43 in 0.008s
[Live DAQ] Wrote frame 44 in 0.008s
[Live DAQ] Wrote frame 45 in 0.011s
[Live DAQ] Wrote frame 46 in 0.009s
[Live DAQ] Wrote frame 47 in 0.014s
[Live DAQ] Wrote frame 48 in 0.012s
[Live DAQ] Wrote frame 49 in 0.010s
[Live DAQ] Wrote frame 50 in 0.006s
[Live DAQ] Wrote frame 51 in 0.007s
[Live DAQ] Wrote frame 52 in 0.008s
[Live DAQ] Wrote frame 53 in 0.008s
[Live DAQ] Wrote frame 54 in 0.009s
[Live DAQ] Wrote frame 55 in 0.006s
[Live DAQ] Wrote frame 56 in 0.007s
[Live DAQ] Wrote frame 57 in 0.007s
[Live DAQ] Wrote frame 58 in 0.007s
[Live DAQ] Wrote frame 59 in 0.005s
[Live DAQ] Wrote frame 60 in 0.011s
[Live DAQ] Wrote frame 61 in 0.011s
[Live DAQ] Wrote frame 62 in 0.008s
[Live DAQ] Wrote frame 63 in 0.011s
[Live DAQ] Wrote frame 64 in 0.006s
[Live DAQ] Wrote frame 65 in 0.007s
[Live DAQ] Wrote frame 66 in 0.007s
[Live DAQ] Wrote frame 67 in 0.007s
[Live DAQ] Wrote frame 68 in 0.010s
[Live DAQ] Wrote frame 69 in 0.010s
[Live DAQ] Wrote frame 70 in 0.009s
[Live DAQ] Wrote frame 71 in 0.011s
[Live DAQ] Wrote frame 72 in 0.013s
[Live DAQ] Wrote frame 73 in 0.011s
[Live DAQ] Wrote frame 74 in 0.013s
[Live DAQ] Wrote frame 75 in 0.008s
[Live DAQ] Wrote frame 76 in 0.006s
[Live DAQ] Wrote frame 77 in 0.012s
[Live DAQ] Wrote frame 78 in 0.012s
[Live DAQ] Wrote frame 79 in 0.010s
[Live DAQ] Wrote frame 80 in 0.012s
[Live DAQ] Wrote frame 81 in 0.011s
[Live DAQ] Wrote frame 82 in 0.013s
[Live DAQ] Wrote frame 83 in 0.011s
[Live DAQ] Wrote frame 84 in 0.012s
[Live DAQ] Wrote frame 85 in 0.009s
[Live DAQ] Wrote frame 86 in 0.011s
[Live DAQ] Wrote frame 87 in 0.011s
[Live DAQ] Wrote frame 88 in 0.012s
[Live DAQ] Wrote frame 89 in 0.012s
[Live DAQ] Wrote frame 90 in 0.012s
[Live DAQ] Wrote frame 91 in 0.011s
[Live DAQ] Wrote frame 92 in 0.010s
[Live DAQ] Wrote frame 93 in 0.007s
[Live DAQ] Wrote frame 94 in 0.015s
[Live DAQ] Wrote frame 95 in 0.009s
[Live DAQ] Wrote frame 96 in 0.012s
[Live DAQ] Wrote frame 97 in 0.013s
[Live DAQ] Wrote frame 98 in 0.014s
[Live DAQ] Wrote frame 99 in 0.013s
[Live DAQ] Wrote frame 100 in 0.006s
[Live DAQ] Wrote frame 101 in 0.012s
[Live DAQ] Wrote frame 102 in 0.008s
[Live DAQ] Wrote frame 103 in 0.012s
[Live DAQ] Wrote frame 104 in 0.013s
[Live DAQ] Wrote frame 105 in 0.013s
[Live DAQ] Wrote frame 106 in 0.004s
[Live DAQ] Wrote frame 107 in 0.006s
[Live DAQ] Wrote frame 108 in 0.005s
[Live DAQ] Wrote frame 109 in 0.005s
[Live DAQ] Wrote frame 110 in 0.005s
[Live DAQ] Wrote frame 111 in 0.005s
[Live DAQ] Wrote frame 112 in 0.007s
[Live DAQ] Wrote frame 113 in 0.015s
[Live DAQ] Wrote frame 114 in 0.009s
[Live DAQ] Wrote frame 115 in 0.018s
[Live DAQ] Wrote frame 116 in 0.011s
[Live DAQ] Wrote frame 117 in 0.011s
[Live DAQ] Wrote frame 118 in 0.010s
[Live DAQ] Wrote frame 119 in 0.007s
[Live DAQ] Wrote frame 120 in 0.012s
[Live DAQ] Wrote frame 121 in 0.009s
[Live DAQ] Wrote frame 122 in 0.009s
[Live DAQ] Wrote frame 123 in 0.006s
[Live DAQ] Wrote frame 124 in 0.008s
[Live DAQ] Wrote frame 125 in 0.008s
[Live DAQ] Wrote frame 126 in 0.011s
[Live DAQ] Wrote frame 127 in 0.013s
[Live DAQ] Wrote frame 128 in 0.013s
[Live DAQ] Wrote frame 129 in 0.010s
[Live DAQ] Wrote frame 130 in 0.006s
[Live DAQ] Wrote frame 131 in 0.012s
[Live DAQ] Wrote frame 132 in 0.009s
[Live DAQ] Wrote frame 133 in 0.012s
[Live DAQ] Wrote frame 134 in 0.012s
[Live DAQ] Wrote frame 135 in 0.012s
[Live DAQ] Wrote frame 136 in 0.013s
[Live DAQ] Wrote frame 137 in 0.011s
[Live DAQ] Wrote frame 138 in 0.012s
[Live DAQ] Wrote frame 139 in 0.012s
[Live DAQ] Wrote frame 140 in 0.012s
[Live DAQ] Wrote frame 141 in 0.012s
[Live DAQ] Wrote frame 142 in 0.014s
[Live DAQ] Wrote frame 143 in 0.010s
[Live DAQ] Wrote frame 144 in 0.005s
[Live DAQ] Wrote frame 145 in 0.011s
[Live DAQ] Wrote frame 146 in 0.010s
[Live DAQ] Wrote frame 147 in 0.010s
[Live DAQ] Wrote frame 148 in 0.011s
[Live DAQ] Wrote frame 149 in 0.013s
[Live DAQ] Wrote frame 150 in 0.012s
[Live DAQ] Wrote frame 151 in 0.012s
[Live DAQ] Wrote frame 152 in 0.011s
[Live DAQ] Wrote frame 153 in 0.005s
[Live DAQ] Wrote frame 154 in 0.007s
[Live DAQ] Wrote frame 155 in 0.006s
[Live DAQ] Wrote frame 156 in 0.005s
[Live DAQ] Wrote frame 157 in 0.006s
[Live DAQ] Wrote frame 158 in 0.006s
[Live DAQ] Wrote frame 159 in 0.012s
[Live DAQ] Wrote frame 160 in 0.009s
[Live DAQ] Wrote frame 161 in 0.010s
[Live DAQ] Wrote frame 162 in 0.010s
[Live DAQ] Wrote frame 163 in 0.011s
[Live DAQ] Wrote frame 164 in 0.008s
[Live DAQ] Wrote frame 165 in 0.012s
[Live DAQ] Wrote frame 166 in 0.008s
[Live DAQ] Wrote frame 167 in 0.011s
[Live DAQ] Wrote frame 168 in 0.011s
[Live DAQ] Wrote frame 169 in 0.011s
[Live DAQ] Wrote frame 170 in 0.016s
[Live DAQ] Wrote frame 171 in 0.010s
[Live DAQ] Wrote frame 172 in 0.005s
[Live DAQ] Wrote frame 173 in 0.011s
[Live DAQ] Wrote frame 174 in 0.007s
[Live DAQ] Wrote frame 175 in 0.006s
[Live DAQ] Wrote frame 176 in 0.005s
[Live DAQ] Wrote frame 177 in 0.014s
[Live DAQ] Wrote frame 178 in 0.012s
[Live DAQ] Wrote frame 179 in 0.010s
[Live DAQ] Wrote frame 180 in 0.007s
[Live DAQ] Wrote frame 181 in 0.011s
[Live DAQ] Wrote frame 182 in 0.011s
[Live DAQ] Wrote frame 183 in 0.010s
[Live DAQ] Wrote frame 184 in 0.010s
[Live DAQ] Wrote frame 185 in 0.011s
[Live DAQ] Wrote frame 186 in 0.011s
[Live DAQ] Wrote frame 187 in 0.011s
[Live DAQ] Wrote frame 188 in 0.011s
[Live DAQ] Wrote frame 189 in 0.010s
[Live DAQ] Wrote frame 190 in 0.008s
[Live DAQ] Wrote frame 191 in 0.013s
[Live DAQ] Wrote frame 192 in 0.011s
[Live DAQ] Wrote frame 193 in 0.009s
[Live DAQ] Wrote frame 194 in 0.012s
[Live DAQ] Wrote frame 195 in 0.006s
[Live DAQ] Wrote frame 196 in 0.009s
[Live DAQ] Wrote frame 197 in 0.010s
[Live DAQ] Wrote frame 198 in 0.011s
[Live DAQ] Wrote frame 199 in 0.012s
[Live DAQ] Wrote frame 200 in 0.006s
[Live DAQ] Wrote frame 201 in 0.014s
[Live DAQ] Wrote frame 202 in 0.011s
[Live DAQ] Wrote frame 203 in 0.012s
[Live DAQ] Wrote frame 204 in 0.009s
[Live DAQ] Wrote frame 205 in 0.011s
[Live DAQ] Wrote frame 206 in 0.007s
[Live DAQ] Wrote frame 207 in 0.012s
[Live DAQ] Wrote frame 208 in 0.012s
[Live DAQ] Wrote frame 209 in 0.012s
[Live DAQ] Wrote frame 210 in 0.012s
[Live DAQ] Wrote frame 211 in 0.013s
[Live DAQ] Wrote frame 212 in 0.011s
[Live DAQ] Wrote frame 213 in 0.010s
[Live DAQ] Wrote frame 214 in 0.006s
[Live DAQ] Wrote frame 215 in 0.013s
[Live DAQ] Wrote frame 216 in 0.006s
[Live DAQ] Wrote frame 217 in 0.017s
[Live DAQ] Wrote frame 218 in 0.009s
[Live DAQ] Wrote frame 219 in 0.011s
[Live DAQ] Wrote frame 220 in 0.009s
[Live DAQ] Wrote frame 221 in 0.011s
[Live DAQ] Wrote frame 222 in 0.012s
[Live DAQ] Wrote frame 223 in 0.009s
[Live DAQ] Wrote frame 224 in 0.012s
[Live DAQ] Wrote frame 225 in 0.007s
[Live DAQ] Wrote frame 226 in 0.012s
[Live DAQ] Wrote frame 227 in 0.011s
[Live DAQ] Wrote frame 228 in 0.008s
[Live DAQ] Wrote frame 229 in 0.009s
[Live DAQ] Wrote frame 230 in 0.008s
[Live DAQ] Wrote frame 231 in 0.017s
[Live DAQ] Wrote frame 232 in 0.015s
[Live DAQ] Wrote frame 233 in 0.010s
[Live DAQ] Wrote frame 234 in 0.010s
[Live DAQ] Wrote frame 235 in 0.006s
[Live DAQ] Wrote frame 236 in 0.010s
[Live DAQ] Wrote frame 237 in 0.006s
[Live DAQ] Wrote frame 238 in 0.005s
[Live DAQ] Wrote frame 239 in 0.005s
[Live DAQ] Wrote frame 240 in 0.011s
[Live DAQ] Wrote frame 241 in 0.008s
[Live DAQ] Wrote frame 242 in 0.011s
[Live DAQ] Wrote frame 243 in 0.008s
[Live DAQ] Wrote frame 244 in 0.011s
[Live DAQ] Wrote frame 245 in 0.012s
[Live DAQ] Wrote frame 246 in 0.010s
[Live DAQ] Wrote frame 247 in 0.011s
[Live DAQ] Wrote frame 248 in 0.010s
[Live DAQ] Wrote frame 249 in 0.009s
[Live DAQ] Wrote frame 250 in 0.009s
[Live DAQ] Wrote frame 251 in 0.011s
[Live DAQ] Wrote frame 252 in 0.010s
[Live DAQ] Wrote frame 253 in 0.012s
[Live DAQ] Wrote frame 254 in 0.008s
[Live DAQ] Wrote frame 255 in 0.009s
[Live DAQ] Wrote frame 256 in 0.006s
[Live DAQ] Wrote frame 257 in 0.011s
[Live DAQ] Wrote frame 258 in 0.007s
[Live DAQ] Wrote frame 259 in 0.014s
[Live DAQ] Wrote frame 260 in 0.015s
[Live DAQ] Wrote frame 261 in 0.014s
[Live DAQ] Wrote frame 262 in 0.017s
[Live DAQ] Wrote frame 263 in 0.010s
[Live DAQ] Wrote frame 264 in 0.013s
[Live DAQ] Wrote frame 265 in 0.007s
[Live DAQ] Wrote frame 266 in 0.010s
[Live DAQ] Wrote frame 267 in 0.010s
[Live DAQ] Wrote frame 268 in 0.012s
[Live DAQ] Wrote frame 269 in 0.010s
[Live DAQ] Wrote frame 270 in 0.011s
[Live DAQ] Wrote frame 271 in 0.011s
[Live DAQ] Wrote frame 272 in 0.013s
[Live DAQ] Wrote frame 273 in 0.011s
[Live DAQ] Wrote frame 274 in 0.007s
[Live DAQ] Wrote frame 275 in 0.013s
[Live DAQ] Wrote frame 276 in 0.010s
[Live DAQ] Wrote frame 277 in 0.013s
[Live DAQ] Wrote frame 278 in 0.012s
[Live DAQ] Wrote frame 279 in 0.008s
[Live DAQ] Wrote frame 280 in 0.010s
[Live DAQ] Wrote frame 281 in 0.010s
[Live DAQ] Wrote frame 282 in 0.009s
[Live DAQ] Wrote frame 283 in 0.011s
[Live DAQ] Wrote frame 284 in 0.005s
[Live DAQ] Wrote frame 285 in 0.005s
[Live DAQ] Wrote frame 286 in 0.006s
[Live DAQ] Wrote frame 287 in 0.009s
[Live DAQ] Wrote frame 288 in 0.009s
[Live DAQ] Wrote frame 289 in 0.012s
[Live DAQ] Wrote frame 290 in 0.012s
[Live DAQ] Wrote frame 291 in 0.011s
[Live DAQ] Wrote frame 292 in 0.011s
[Live DAQ] Wrote frame 293 in 0.009s
[Live DAQ] Wrote frame 294 in 0.009s
[Live DAQ] Wrote frame 295 in 0.008s
[Live DAQ] Wrote frame 296 in 0.011s
[Live DAQ] Wrote frame 297 in 0.010s
[Live DAQ] Wrote frame 298 in 0.011s
[Live DAQ] Wrote frame 299 in 0.010s
[Live DAQ] Wrote frame 300 in 0.011s
[Live DAQ] Wrote frame 301 in 0.022s
[Live DAQ] Wrote frame 302 in 0.008s
[Live DAQ] Wrote frame 303 in 0.009s
[Live DAQ] Wrote frame 304 in 0.009s
[Live DAQ] Wrote frame 305 in 0.012s
[Live DAQ] Wrote frame 306 in 0.013s
[Live DAQ] Wrote frame 307 in 0.006s
[Live DAQ] Wrote frame 308 in 0.005s
[Live DAQ] Wrote frame 309 in 0.006s
[Live DAQ] Wrote frame 310 in 0.010s
[Live DAQ] Wrote frame 311 in 0.011s
[Live DAQ] Wrote frame 312 in 0.009s
[Live DAQ] Wrote frame 313 in 0.010s
[Live DAQ] Wrote frame 314 in 0.010s
[Live DAQ] Wrote frame 315 in 0.010s
[Live DAQ] Wrote frame 316 in 0.010s
[Live DAQ] Wrote frame 317 in 0.010s
[Live DAQ] Wrote frame 318 in 0.011s
[Live DAQ] Wrote frame 319 in 0.010s
[Live DAQ] Wrote frame 320 in 0.008s
[Live DAQ] Wrote frame 321 in 0.011s
[Live DAQ] Wrote frame 322 in 0.008s
[Live DAQ] Wrote frame 323 in 0.009s
[Live DAQ] Wrote frame 324 in 0.011s
[Live DAQ] Wrote frame 325 in 0.009s
[Live DAQ] Wrote frame 326 in 0.006s
[Live DAQ] Wrote frame 327 in 0.005s
[Live DAQ] Wrote frame 328 in 0.011s
[Live DAQ] Wrote frame 329 in 0.008s
[Live DAQ] Wrote frame 330 in 0.008s
[Live DAQ] Wrote frame 331 in 0.009s
[Live DAQ] Wrote frame 332 in 0.008s
[Live DAQ] Wrote frame 333 in 0.008s
[Live DAQ] Wrote frame 334 in 0.009s
[Live DAQ] Wrote frame 335 in 0.008s
[Live DAQ] Wrote frame 336 in 0.012s
[Live DAQ] Wrote frame 337 in 0.008s
[Live DAQ] Wrote frame 338 in 0.009s
[Live DAQ] Wrote frame 339 in 0.009s
[Live DAQ] Wrote frame 340 in 0.008s
[Live DAQ] Wrote frame 341 in 0.010s
[Live DAQ] Wrote frame 342 in 0.012s
[Live DAQ] Wrote frame 343 in 0.012s
[Live DAQ] Wrote frame 344 in 0.014s
[Live DAQ] Wrote frame 345 in 0.010s
[Live DAQ] Wrote frame 346 in 0.008s
[Live DAQ] Wrote frame 347 in 0.014s
[Live DAQ] Wrote frame 348 in 0.013s
[Live DAQ] Wrote frame 349 in 0.009s
[Live DAQ] Wrote frame 350 in 0.010s
[Live DAQ] Wrote frame 351 in 0.010s
[Live DAQ] Wrote frame 352 in 0.012s
[Live DAQ] Wrote frame 353 in 0.011s
[Live DAQ] Wrote frame 354 in 0.009s
[Live DAQ] Wrote frame 355 in 0.006s
[Live DAQ] Wrote frame 356 in 0.011s
[Live DAQ] Wrote frame 357 in 0.009s
[Live DAQ] Wrote frame 358 in 0.009s
[Live DAQ] Wrote frame 359 in 0.007s
[Live DAQ] Wrote frame 360 in 0.013s
[Live DAQ] Wrote frame 361 in 0.010s
[Live DAQ] Wrote frame 362 in 0.008s
[Live DAQ] Wrote frame 363 in 0.012s
[Live DAQ] Wrote frame 364 in 0.015s
[Live DAQ] Wrote frame 365 in 0.007s
[Live DAQ] Wrote frame 366 in 0.008s
[Live DAQ] Wrote frame 367 in 0.006s
[Live DAQ] Wrote frame 368 in 0.006s
[Live DAQ] Wrote frame 369 in 0.006s
[Live DAQ] Wrote frame 370 in 0.008s
[Live DAQ] Wrote frame 371 in 0.008s
[Live DAQ] Wrote frame 372 in 0.007s
[Live DAQ] Wrote frame 373 in 0.006s
[Live DAQ] Wrote frame 374 in 0.007s
[Live DAQ] Wrote frame 375 in 0.005s
[Live DAQ] Wrote frame 376 in 0.011s
[Live DAQ] Wrote frame 377 in 0.005s
[Live DAQ] Wrote frame 378 in 0.012s
[Live DAQ] Wrote frame 379 in 0.007s
[Live DAQ] Wrote frame 380 in 0.006s
[Live DAQ] Wrote frame 381 in 0.010s
[Live DAQ] Wrote frame 382 in 0.009s
[Live DAQ] Wrote frame 383 in 0.007s
[Live DAQ] Wrote frame 384 in 0.009s
[Live DAQ] Wrote frame 385 in 0.009s
[Live DAQ] Wrote frame 386 in 0.008s
[Live DAQ] Wrote frame 387 in 0.010s
[Live DAQ] Wrote frame 388 in 0.014s
[Live DAQ] Wrote frame 389 in 0.007s
[Live DAQ] Wrote frame 390 in 0.005s
[Live DAQ] Wrote frame 391 in 0.007s
[Live DAQ] Wrote frame 392 in 0.007s
[Live DAQ] Wrote frame 393 in 0.009s
[Live DAQ] Wrote frame 394 in 0.010s
[Live DAQ] Wrote frame 395 in 0.007s
[Live DAQ] Wrote frame 396 in 0.007s
[Live DAQ] Wrote frame 397 in 0.008s
[Live DAQ] Wrote frame 398 in 0.009s
[Live DAQ] Wrote frame 399 in 0.009s
[Live DAQ] Wrote frame 400 in 0.006s
[Live DAQ] Wrote frame 401 in 0.011s
[Live DAQ] Wrote frame 402 in 0.011s
[Live DAQ] Wrote frame 403 in 0.009s
[Live DAQ] Wrote frame 404 in 0.086s
[Live DAQ] Wrote frame 405 in 0.003s
[Live DAQ] Wrote frame 406 in 0.003s
[Live DAQ] Wrote frame 407 in 0.005s
[Live DAQ] Wrote frame 408 in 0.007s
[Live DAQ] Wrote frame 409 in 0.006s
[Live DAQ] Wrote frame 410 in 0.009s
[Live DAQ] Wrote frame 411 in 0.006s
[Live DAQ] Wrote frame 412 in 0.007s
[Live DAQ] Wrote frame 413 in 0.007s
[Live DAQ] Wrote frame 414 in 0.016s
[Live DAQ] Wrote frame 415 in 0.006s
[Live DAQ] Wrote frame 416 in 0.007s
[Live DAQ] Wrote frame 417 in 0.005s
[Live DAQ] Wrote frame 418 in 0.011s
[Live DAQ] Wrote frame 419 in 0.010s
[Live DAQ] Wrote frame 420 in 0.013s
[Live DAQ] Wrote frame 421 in 0.012s
[Live DAQ] Wrote frame 422 in 0.012s
[Live DAQ] Wrote frame 423 in 0.008s
[Live DAQ] Wrote frame 424 in 0.008s
[Live DAQ] Wrote frame 425 in 0.011s
[Live DAQ] Wrote frame 426 in 0.009s
[Live DAQ] Wrote frame 427 in 0.010s
[Live DAQ] Wrote frame 428 in 0.010s
[Live DAQ] Wrote frame 429 in 0.009s
[Live DAQ] Wrote frame 430 in 0.007s
[Live DAQ] Wrote frame 431 in 0.011s
[Live DAQ] Wrote frame 432 in 0.007s
[Live DAQ] Wrote frame 433 in 0.011s
[Live DAQ] Wrote frame 434 in 0.008s
[Live DAQ] Wrote frame 435 in 0.013s
[Live DAQ] Wrote frame 436 in 0.013s
[Live DAQ] Wrote frame 437 in 0.011s
[Live DAQ] Wrote frame 438 in 0.004s
[Live DAQ] Wrote frame 439 in 0.011s
[Live DAQ] Wrote frame 440 in 0.010s
[Live DAQ] Wrote frame 441 in 0.008s
[Live DAQ] Wrote frame 442 in 0.009s
[Live DAQ] Wrote frame 443 in 0.012s
[Live DAQ] Wrote frame 444 in 0.011s
[Live DAQ] Wrote frame 445 in 0.009s
[Live DAQ] Wrote frame 446 in 0.010s
[Live DAQ] Wrote frame 447 in 0.006s
[Live DAQ] Wrote frame 448 in 0.010s
[Live DAQ] Wrote frame 449 in 0.007s
[Live DAQ] Wrote frame 450 in 0.009s
[Live DAQ] Wrote frame 451 in 0.005s
[Live DAQ] Wrote frame 452 in 0.012s
[Live DAQ] Wrote frame 453 in 0.013s
[Live DAQ] Wrote frame 454 in 0.011s
[Live DAQ] Wrote frame 455 in 0.010s
[Live DAQ] Wrote frame 456 in 0.012s
[Live DAQ] Wrote frame 457 in 0.010s
[Live DAQ] Wrote frame 458 in 0.011s
[Live DAQ] Wrote frame 459 in 0.007s
[Live DAQ] Wrote frame 460 in 0.009s
[Live DAQ] Wrote frame 461 in 0.009s
[Live DAQ] Wrote frame 462 in 0.013s
[Live DAQ] Wrote frame 463 in 0.014s
[Live DAQ] Wrote frame 464 in 0.010s
[Live DAQ] Wrote frame 465 in 0.011s
[Live DAQ] Wrote frame 466 in 0.010s
[Live DAQ] Wrote frame 467 in 0.011s
[Live DAQ] Wrote frame 468 in 0.013s
[Live DAQ] Wrote frame 469 in 0.010s
[Live DAQ] Wrote frame 470 in 0.011s
[Live DAQ] Wrote frame 471 in 0.010s
[Live DAQ] Wrote frame 472 in 0.008s
[Live DAQ] Wrote frame 473 in 0.011s
[Live DAQ] Wrote frame 474 in 0.006s
[Live DAQ] Wrote frame 475 in 0.011s
[Live DAQ] Wrote frame 476 in 0.014s
[Live DAQ] Wrote frame 477 in 0.012s
[Live DAQ] Wrote frame 478 in 0.013s
[Live DAQ] Wrote frame 479 in 0.011s
[Live DAQ] Wrote frame 480 in 0.010s
[Live DAQ] Wrote frame 481 in 0.015s
[Live DAQ] Wrote frame 482 in 0.007s
[Live DAQ] Wrote frame 483 in 0.009s
[Live DAQ] Wrote frame 484 in 0.009s
[Live DAQ] Wrote frame 485 in 0.013s
[Live DAQ] Wrote frame 486 in 0.010s
[Live DAQ] Wrote frame 487 in 0.006s
[Live DAQ] Wrote frame 488 in 0.011s
[Live DAQ] Wrote frame 489 in 0.005s
[Live DAQ] Wrote frame 490 in 0.009s
[Live DAQ] Wrote frame 491 in 0.008s
[Live DAQ] Wrote frame 492 in 0.007s
[Live DAQ] Wrote frame 493 in 0.009s
[Live DAQ] Wrote frame 494 in 0.011s
[Live DAQ] Wrote frame 495 in 0.006s
[Live DAQ] Wrote frame 496 in 0.010s
[Live DAQ] Wrote frame 497 in 0.010s
[Live DAQ] Wrote frame 498 in 0.011s
[Live DAQ] Wrote frame 499 in 0.008s
[Live DAQ] Wrote frame 500 in 0.004s
[Live DAQ] Wrote frame 501 in 0.005s
[Live DAQ] Wrote frame 502 in 0.005s
[Live DAQ] Wrote frame 503 in 0.005s
[Live DAQ] Wrote frame 504 in 0.007s
[Live DAQ] Wrote frame 505 in 0.007s
[Live DAQ] Wrote frame 506 in 0.005s
[Live DAQ] Wrote frame 507 in 0.009s
[Live DAQ] Wrote frame 508 in 0.011s
[Live DAQ] Wrote frame 509 in 0.009s
[Live DAQ] Wrote frame 510 in 0.009s
[Live DAQ] Wrote frame 511 in 0.009s
[Live DAQ] Wrote frame 512 in 0.013s
[Live DAQ] Wrote frame 513 in 0.009s
[Live DAQ] Wrote frame 514 in 0.013s
[Live DAQ] Wrote frame 515 in 0.012s
[Live DAQ] Wrote frame 516 in 0.011s
[Live DAQ] Wrote frame 517 in 0.011s
[Live DAQ] Wrote frame 518 in 0.009s
[Live DAQ] Wrote frame 519 in 0.012s
[Live DAQ] Wrote frame 520 in 0.012s
[Live DAQ] Wrote frame 521 in 0.012s
[Live DAQ] Wrote frame 522 in 0.015s
[Live DAQ] Wrote frame 523 in 0.011s
[Live DAQ] Wrote frame 524 in 0.012s
[Live DAQ] Wrote frame 525 in 0.007s
[Live DAQ] Wrote frame 526 in 0.008s
[Live DAQ] Wrote frame 527 in 0.013s
[Live DAQ] Wrote frame 528 in 0.012s
[Live DAQ] Wrote frame 529 in 0.010s
[Live DAQ] Wrote frame 530 in 0.011s
[Live DAQ] Wrote frame 531 in 0.011s
[Live DAQ] Wrote frame 532 in 0.012s
[Live DAQ] Wrote frame 533 in 0.012s
[Live DAQ] Wrote frame 534 in 0.006s
[Live DAQ] Wrote frame 535 in 0.006s
[Live DAQ] Wrote frame 536 in 0.006s
[Live DAQ] Wrote frame 537 in 0.010s
[Live DAQ] Wrote frame 538 in 0.011s
[Live DAQ] Wrote frame 539 in 0.011s
[Live DAQ] Wrote frame 540 in 0.012s
[Live DAQ] Wrote frame 541 in 0.010s
[Live DAQ] Wrote frame 542 in 0.010s
[Live DAQ] Wrote frame 543 in 0.009s
[Live DAQ] Wrote frame 544 in 0.011s
[Live DAQ] Wrote frame 545 in 0.010s
[Live DAQ] Wrote frame 546 in 0.010s
[Live DAQ] Wrote frame 547 in 0.012s
[Live DAQ] Wrote frame 548 in 0.008s
[Live DAQ] Wrote frame 549 in 0.014s
[Live DAQ] Wrote frame 550 in 0.014s
[Live DAQ] Wrote frame 551 in 0.012s
[Live DAQ] Wrote frame 552 in 0.012s
[Live DAQ] Wrote frame 553 in 0.012s
[Live DAQ] Wrote frame 554 in 0.010s
[Live DAQ] Wrote frame 555 in 0.013s
[Live DAQ] Wrote frame 556 in 0.008s
[Live DAQ] Wrote frame 557 in 0.005s
[Live DAQ] Wrote frame 558 in 0.012s
[Live DAQ] Wrote frame 559 in 0.013s
[Live DAQ] Wrote frame 560 in 0.011s
[Live DAQ] Wrote frame 561 in 0.012s
[Live DAQ] Wrote frame 562 in 0.007s
[Live DAQ] Wrote frame 563 in 0.007s
[Live DAQ] Wrote frame 564 in 0.006s
[Live DAQ] Wrote frame 565 in 0.010s
[Live DAQ] Wrote frame 566 in 0.014s
[Live DAQ] Wrote frame 567 in 0.012s
[Live DAQ] Wrote frame 568 in 0.014s
[Live DAQ] Wrote frame 569 in 0.016s
[Live DAQ] Wrote frame 570 in 0.012s
[Live DAQ] Wrote frame 571 in 0.008s
[Live DAQ] Wrote frame 572 in 0.010s
[Live DAQ] Wrote frame 573 in 0.009s
[Live DAQ] Wrote frame 574 in 0.012s
[Live DAQ] Wrote frame 575 in 0.009s
[Live DAQ] Wrote frame 576 in 0.006s
[Live DAQ] Wrote frame 577 in 0.012s
[Live DAQ] Wrote frame 578 in 0.011s
[Live DAQ] Wrote frame 579 in 0.011s
[Live DAQ] Wrote frame 580 in 0.009s
[Live DAQ] Wrote frame 581 in 0.010s
[Live DAQ] Wrote frame 582 in 0.011s
[Live DAQ] Wrote frame 583 in 0.011s
[Live DAQ] Wrote frame 584 in 0.011s
[Live DAQ] Wrote frame 585 in 0.011s
[Live DAQ] Wrote frame 586 in 0.005s
[Live DAQ] Wrote frame 587 in 0.010s
[Live DAQ] Wrote frame 588 in 0.011s
[Live DAQ] Wrote frame 589 in 0.008s
[Live DAQ] Wrote frame 590 in 0.014s
[Live DAQ] Wrote frame 591 in 0.010s
[Live DAQ] Wrote frame 592 in 0.009s
[Live DAQ] Wrote frame 593 in 0.011s
[Live DAQ] Wrote frame 594 in 0.012s
[Live DAQ] Wrote frame 595 in 0.011s
[Live DAQ] Wrote frame 596 in 0.011s
[Live DAQ] Wrote frame 597 in 0.012s
[Live DAQ] Wrote frame 598 in 0.008s
[Live DAQ] Wrote frame 599 in 0.017s
[Live DAQ] Wrote frame 600 in 0.010s
[Live DAQ] Wrote frame 601 in 0.013s
[Live DAQ] Wrote frame 602 in 0.011s
[Live DAQ] Wrote frame 603 in 0.010s
[Live DAQ] Wrote frame 604 in 0.007s
[Live DAQ] Wrote frame 605 in 0.009s
[Live DAQ] Wrote frame 606 in 0.009s
[Live DAQ] Wrote frame 607 in 0.014s
[Live DAQ] Wrote frame 608 in 0.006s
[Live DAQ] Wrote frame 609 in 0.009s
[Live DAQ] Wrote frame 610 in 0.009s
[Live DAQ] Wrote frame 611 in 0.012s
[Live DAQ] Wrote frame 612 in 0.011s
[Live DAQ] Wrote frame 613 in 0.011s
[Live DAQ] Wrote frame 614 in 0.011s
[Live DAQ] Wrote frame 615 in 0.011s
[Live DAQ] Wrote frame 616 in 0.013s
[Live DAQ] Wrote frame 617 in 0.011s
[Live DAQ] Wrote frame 618 in 0.009s
[Live DAQ] Wrote frame 619 in 0.011s
[Live DAQ] Wrote frame 620 in 0.008s
[Live DAQ] Wrote frame 621 in 0.013s
[Live DAQ] Wrote frame 622 in 0.009s
[Live DAQ] Wrote frame 623 in 0.006s
[Live DAQ] Wrote frame 624 in 0.007s
[Live DAQ] Wrote frame 625 in 0.008s
[Live DAQ] Wrote frame 626 in 0.011s
[Live DAQ] Wrote frame 627 in 0.008s
[Live DAQ] Wrote frame 628 in 0.007s
[Live DAQ] Wrote frame 629 in 0.008s
[Live DAQ] Wrote frame 630 in 0.009s
[Live DAQ] Wrote frame 631 in 0.009s
[Live DAQ] Wrote frame 632 in 0.007s
[Live DAQ] Wrote frame 633 in 0.008s
[Live DAQ] Wrote frame 634 in 0.009s
[Live DAQ] Wrote frame 635 in 0.008s
[Live DAQ] Wrote frame 636 in 0.006s
[Live DAQ] Wrote frame 637 in 0.005s
[Live DAQ] Wrote frame 638 in 0.005s
[Live DAQ] Wrote frame 639 in 0.011s
[Live DAQ] Wrote frame 640 in 0.009s
[Live DAQ] Wrote frame 641 in 0.006s
[Live DAQ] Wrote frame 642 in 0.012s
[Live DAQ] Wrote frame 643 in 0.011s
[Live DAQ] Wrote frame 644 in 0.013s
[Live DAQ] Wrote frame 645 in 0.005s
[Live DAQ] Wrote frame 646 in 0.007s
[Live DAQ] Wrote frame 647 in 0.010s
[Live DAQ] Wrote frame 648 in 0.011s
[Live DAQ] Wrote frame 649 in 0.013s
[Live DAQ] Wrote frame 650 in 0.016s
[Live DAQ] Wrote frame 651 in 0.007s
[Live DAQ] Wrote frame 652 in 0.010s
[Live DAQ] Wrote frame 653 in 0.011s
[Live DAQ] Wrote frame 654 in 0.007s
[Live DAQ] Wrote frame 655 in 0.008s
[Live DAQ] Wrote frame 656 in 0.009s
[Live DAQ] Wrote frame 657 in 0.008s
[Live DAQ] Wrote frame 658 in 0.011s
[Live DAQ] Wrote frame 659 in 0.010s
[Live DAQ] Wrote frame 660 in 0.011s
[Live DAQ] Wrote frame 661 in 0.012s
[Live DAQ] Wrote frame 662 in 0.012s
[Live DAQ] Wrote frame 663 in 0.010s
[Live DAQ] Wrote frame 664 in 0.011s
[Live DAQ] Wrote frame 665 in 0.012s
[Live DAQ] Wrote frame 666 in 0.009s
[Live DAQ] Wrote frame 667 in 0.014s
[Live DAQ] Wrote frame 668 in 0.008s
[Live DAQ] Wrote frame 669 in 0.007s
[Live DAQ] Wrote frame 670 in 0.008s
[Live DAQ] Wrote frame 671 in 0.007s
[Live DAQ] Wrote frame 672 in 0.008s
[Live DAQ] Wrote frame 673 in 0.007s
[Live DAQ] Wrote frame 674 in 0.008s
[Live DAQ] Wrote frame 675 in 0.008s
[Live DAQ] Wrote frame 676 in 0.008s
[Live DAQ] Wrote frame 677 in 0.010s
[Live DAQ] Wrote frame 678 in 0.011s
[Live DAQ] Wrote frame 679 in 0.007s
[Live DAQ] Wrote frame 680 in 0.010s
[Live DAQ] Wrote frame 681 in 0.008s
[Live DAQ] Wrote frame 682 in 0.011s
[Live DAQ] Wrote frame 683 in 0.008s
[Live DAQ] Wrote frame 684 in 0.014s
[Live DAQ] Wrote frame 685 in 0.010s
[Live DAQ] Wrote frame 686 in 0.009s
[Live DAQ] Wrote frame 687 in 0.009s
[Live DAQ] Wrote frame 688 in 0.009s
[Live DAQ] Wrote frame 689 in 0.011s
[Live DAQ] Wrote frame 690 in 0.012s
[Live DAQ] Wrote frame 691 in 0.008s
[Live DAQ] Wrote frame 692 in 0.010s
[Live DAQ] Wrote frame 693 in 0.015s
[Live DAQ] Wrote frame 694 in 0.013s
[Live DAQ] Wrote frame 695 in 0.013s
[Live DAQ] Wrote frame 696 in 0.013s
[Live DAQ] Wrote frame 697 in 0.009s
[Live DAQ] Wrote frame 698 in 0.013s
[Live DAQ] Wrote frame 699 in 0.013s
[Live DAQ] Wrote frame 700 in 0.012s
[Live DAQ] Wrote frame 701 in 0.011s
[Live DAQ] Wrote frame 702 in 0.013s
[Live DAQ] Wrote frame 703 in 0.010s
[Live DAQ] Wrote frame 704 in 0.008s
[Live DAQ] Wrote frame 705 in 0.012s
[Live DAQ] Wrote frame 706 in 0.011s
[Live DAQ] Wrote frame 707 in 0.011s
[Live DAQ] Wrote frame 708 in 0.007s
[Live DAQ] Wrote frame 709 in 0.012s
[Live DAQ] Wrote frame 710 in 0.010s
[Live DAQ] Wrote frame 711 in 0.011s
[Live DAQ] Wrote frame 712 in 0.010s
[Live DAQ] Wrote frame 713 in 0.007s
[Live DAQ] Wrote frame 714 in 0.007s
[Live DAQ] Wrote frame 715 in 0.008s
[Live DAQ] Wrote frame 716 in 0.009s
[Live DAQ] Wrote frame 717 in 0.014s
[Live DAQ] Wrote frame 718 in 0.014s
[Live DAQ] Wrote frame 719 in 0.018s
[Live DAQ] Wrote frame 720 in 0.011s
[Live DAQ] Wrote frame 721 in 0.007s
[Live DAQ] Wrote frame 722 in 0.010s
[Live DAQ] Wrote frame 723 in 0.011s
[Live DAQ] Wrote frame 724 in 0.009s
[Live DAQ] Wrote frame 725 in 0.008s
[Live DAQ] Wrote frame 726 in 0.006s
[Live DAQ] Wrote frame 727 in 0.010s
[Live DAQ] Wrote frame 728 in 0.010s
[Live DAQ] Wrote frame 729 in 0.010s
[Live DAQ] Wrote frame 730 in 0.007s
[Live DAQ] Wrote frame 731 in 0.011s
[Live DAQ] Wrote frame 732 in 0.009s
[Live DAQ] Wrote frame 733 in 0.011s
[Live DAQ] Wrote frame 734 in 0.009s
[Live DAQ] Wrote frame 735 in 0.009s
[Live DAQ] Wrote frame 736 in 0.012s
[Live DAQ] Wrote frame 737 in 0.009s
[Live DAQ] Wrote frame 738 in 0.009s
[Live DAQ] Wrote frame 739 in 0.009s
[Live DAQ] Wrote frame 740 in 0.007s
[Live DAQ] Wrote frame 741 in 0.007s
[Live DAQ] Wrote frame 742 in 0.007s
[Live DAQ] Wrote frame 743 in 0.007s
[Live DAQ] Wrote frame 744 in 0.010s
[Live DAQ] Wrote frame 745 in 0.010s
[Live DAQ] Wrote frame 746 in 0.005s
[Live DAQ] Wrote frame 747 in 0.010s
[Live DAQ] Wrote frame 748 in 0.006s
[Live DAQ] Wrote frame 749 in 0.008s
[Live DAQ] Wrote frame 750 in 0.009s
[Live DAQ] Wrote frame 751 in 0.008s
[Live DAQ] Wrote frame 752 in 0.005s
[Live DAQ] Wrote frame 753 in 0.007s
[Live DAQ] Wrote frame 754 in 0.006s
[Live DAQ] Wrote frame 755 in 0.008s
[Live DAQ] Wrote frame 756 in 0.008s
[Live DAQ] Wrote frame 757 in 0.007s
[Live DAQ] Wrote frame 758 in 0.008s
[Live DAQ] Wrote frame 759 in 0.014s
[Live DAQ] Wrote frame 760 in 0.008s
[Live DAQ] Wrote frame 761 in 0.008s
[Live DAQ] Wrote frame 762 in 0.009s
[Live DAQ] Wrote frame 763 in 0.011s
[Live DAQ] Wrote frame 764 in 0.011s
[Live DAQ] Wrote frame 765 in 0.009s
[Live DAQ] Wrote frame 766 in 0.010s
✓ Stop signal received from backend
✓ Exiting cleanly due to stop signal
